============================= test session starts ==============================
platform darwin -- Python 3.9.6, pytest-8.4.2, pluggy-1.6.0
rootdir: /Users/Serhiy/whale_radar_ai
plugins: anyio-4.12.1
collected 1322 items

test_analysis_attachment_contract.py .................                   [  1%]
test_analysis_attachment_read_contract.py ..............                 [  2%]
test_attachment_compatibility_policy.py ...............                  [  3%]
test_attachment_lifecycle_policy.py ............                         [  4%]
test_binance_market_collector.py ...........                             [  5%]
test_binance_market_smoke_runner.py .                                    [  5%]
test_candidate_association.py ....                                       [  5%]
test_candidate_association_boundary.py ..                                [  5%]
test_candidate_association_builder.py ...                                [  5%]
test_candidate_attachment_boundary.py ..                                 [  6%]
test_candidate_attachment_reference.py ...                               [  6%]
test_candidate_boundary.py ..                                            [  6%]
test_candidate_builder.py ...                                            [  6%]
test_candidate_compatibility.py ...                                      [  6%]
test_candidate_compatibility_boundary.py ..                              [  7%]
test_candidate_completeness.py ..................                        [  8%]
test_candidate_completeness_boundary.py ..                               [  8%]
test_candidate_consumer.py ...                                           [  8%]
test_candidate_consumer_boundary.py ..                                   [  9%]
test_candidate_contract.py ......                                        [  9%]
test_candidate_decision_input.py ...                                     [  9%]
test_candidate_decision_input_availability.py ...                        [  9%]
test_candidate_decision_input_availability_boundary.py ..                [ 10%]
test_candidate_decision_input_boundary.py ..                             [ 10%]
test_candidate_envelope.py ...                                           [ 10%]
test_candidate_envelope_boundary.py ..                                   [ 10%]
test_candidate_evidence.py ...                                           [ 10%]
test_candidate_evidence_assembler.py ...                                 [ 11%]
test_candidate_evidence_boundary.py ..                                   [ 11%]
test_candidate_identity.py ...                                           [ 11%]
test_candidate_intelligence_projection.py ..                             [ 11%]
test_candidate_intelligence_projection_boundary.py ..                    [ 11%]
test_candidate_lifecycle.py .....                                        [ 12%]
test_candidate_lifecycle_boundary.py ..                                  [ 12%]
test_candidate_lifecycle_manager.py ...                                  [ 12%]
test_candidate_lifecycle_policy.py ....                                  [ 12%]
test_candidate_policy.py ...                                             [ 13%]
test_candidate_projection.py ................                            [ 14%]
test_candidate_resolution.py .......                                     [ 14%]
test_candidate_resolution_boundary.py ..                                 [ 14%]
test_candidate_resolution_policy.py ...                                  [ 15%]
test_candidate_resolution_resolver.py ...                                [ 15%]
test_canonical_artifact_reference.py .............                       [ 16%]
test_canonical_read_boundary_v2.py .............                         [ 17%]
test_classification_metrics_consumers.py .................               [ 18%]
test_classification_metrics_contracts.py ....................            [ 20%]
test_compatibility_basis_record_envelope.py ............                 [ 21%]
test_compatibility_basis_reference.py ..........                         [ 21%]
test_compatibility_decision_association.py ...........                   [ 22%]
test_compatibility_decision_association_v2.py ...........                [ 23%]
test_compatibility_decision_basis.py ..........                          [ 24%]
test_compatibility_decision_record_envelope.py ............              [ 25%]
test_compatibility_decision_reference.py ..........                      [ 25%]
test_data_source_contracts.py ..............................             [ 28%]
test_decision_input_consumer.py ...                                      [ 28%]
test_decision_input_consumer_boundary.py ..                              [ 28%]
test_early_bird.py ..................................................... [ 32%]
........                                                                 [ 33%]
test_early_bird_availability.py ..........................               [ 35%]
test_early_bird_candidate_builder.py ................................... [ 37%]
.....                                                                    [ 38%]
test_early_bird_candle_factors.py ..................                     [ 39%]
test_early_bird_explainability.py .....................                  [ 41%]
test_early_bird_scanner.py ......................                        [ 42%]
test_early_bird_timeline_adapter.py .........................            [ 44%]
test_emerging_situation.py ......................................        [ 47%]
test_exchange_market_collector_contract.py ...........                   [ 48%]
test_expectation_evaluation.py ...................................       [ 50%]
test_fast_intelligence.py ............                                   [ 51%]
test_governance_provenance_bundle.py .............                       [ 52%]
test_intelligence_contracts.py ..............                            [ 53%]
test_intelligence_correlation.py ............                            [ 54%]
test_legacy_adapter.py ...........                                       [ 55%]
test_market_observation.py ......                                        [ 56%]
test_market_situation.py ..................................              [ 58%]
test_market_state_engine.py ..............................               [ 60%]
test_market_timeline.py ...................................              [ 63%]
test_observation_contracts.py .......................................... [ 66%]
....                                                                     [ 67%]
test_projection_mapping.py ..............                                [ 68%]
test_reality_gap_assembly.py ..................................          [ 70%]
test_reality_gap_contracts.py ................................           [ 73%]
test_shadow_intelligence.py ..........                                   [ 73%]
test_situation_evolution.py ............................                 [ 76%]
test_situation_expectations.py ......................................... [ 79%]
....                                                                     [ 79%]
test_situation_identity.py ........................                      [ 81%]
test_trend_adapter.py ..........                                         [ 81%]
test_trend_expert.py ..........................................          [ 85%]
test_trend_observation_builder.py ...................................... [ 88%]
..........................                                               [ 90%]
tests/backtest/analytics/test_backtest_analytics.py .                    [ 90%]
tests/backtest/analytics/test_backtest_analytics_flow.py .               [ 90%]
tests/backtest/benchmark/test_backtest_benchmark.py .                    [ 90%]
tests/backtest/benchmark/test_backtest_benchmark_flow.py .               [ 90%]
tests/backtest/config/test_backtest_config.py ..                         [ 90%]
tests/backtest/decision/test_backtest_decision_flow.py .                 [ 90%]
tests/backtest/decision/test_backtest_decision_report.py .               [ 90%]
tests/backtest/equity/test_backtest_equity_curve.py ...                  [ 90%]
tests/backtest/equity/test_backtest_equity_flow.py .                     [ 90%]
tests/backtest/evaluation/test_backtest_evaluation.py .                  [ 90%]
tests/backtest/evaluation/test_backtest_evaluation_flow.py .             [ 91%]
tests/backtest/performance/test_backtest_performance.py ..               [ 91%]
tests/backtest/performance/test_backtest_performance_flow.py .           [ 91%]
tests/backtest/pipeline/test_backtest_pipeline.py .                      [ 91%]
tests/backtest/pipeline/test_backtest_pipeline_flow.py .                 [ 91%]
tests/backtest/ranking/test_backtest_strategy_ranking.py .               [ 91%]
tests/backtest/ranking/test_backtest_strategy_ranking_flow.py .          [ 91%]
tests/backtest/recommendation/test_backtest_recommendation.py .          [ 91%]
tests/backtest/recommendation/test_backtest_recommendation_flow.py .     [ 91%]
tests/backtest/report/test_backtest_report.py .                          [ 91%]
tests/backtest/report/test_backtest_report_flow.py .                     [ 91%]
tests/backtest/reporting/test_backtest_report.py ..                      [ 92%]
tests/backtest/reporting/test_backtest_report_flow.py .                  [ 92%]
tests/backtest/review/test_backtest_ai_review.py .....                   [ 92%]
tests/backtest/review/test_backtest_ai_review_flow.py .                  [ 92%]
tests/backtest/risk/test_backtest_risk_flow.py .                         [ 92%]
tests/backtest/risk/test_backtest_risk_metrics.py ...                    [ 92%]
tests/backtest/session/test_backtest_session.py ...                      [ 93%]
tests/backtest/session/test_historical_backtest_flow.py .                [ 93%]
tests/backtest/summary/test_backtest_ai_summary.py ..                    [ 93%]
tests/backtest/summary/test_backtest_ai_summary_flow.py .                [ 93%]
tests/data/market/test_historical_simulation_feed.py .                   [ 93%]
tests/data/market/test_in_memory_market_data_provider.py .               [ 93%]
tests/data/market/test_market_data_provider.py .                         [ 93%]
tests/data/market/test_market_data_simulation_flow.py .                  [ 93%]
tests/data/market/test_market_data_to_simulation_runner.py .             [ 93%]
tests/data/market/test_market_simulation_adapter.py .                    [ 93%]
tests/decision/contracts/test_decision_record.py ........                [ 94%]
tests/decision/test_decision_application.py ....                         [ 94%]
tests/decision/test_decision_audit.py ....                               [ 95%]
tests/decision/test_decision_builder.py ..                               [ 95%]
tests/decision/test_decision_external_contract.py ...                    [ 95%]
tests/decision/test_decision_governance.py ....                          [ 95%]
tests/decision/test_decision_lifecycle.py .....                          [ 96%]
tests/decision/test_decision_read_model.py ...                           [ 96%]
tests/decision/test_decision_repository.py ...                           [ 96%]
tests/execution/test_ai_paper_flow.py .                                  [ 96%]
tests/execution/test_paper_execution.py ...                              [ 96%]
tests/execution/test_paper_trade_lifecycle.py .....                      [ 97%]
tests/intelligence/test_decision_confidence.py ....                      [ 97%]
tests/intelligence/test_intelligence_scoring.py ....                     [ 97%]
tests/intelligence/test_market_features.py ...                           [ 98%]
tests/intelligence/test_market_input_mapper.py ...                       [ 98%]
tests/intelligence/test_market_intelligence.py ....                      [ 98%]
tests/intelligence/test_risk_evaluation.py ....                          [ 98%]
tests/performance/test_ai_performance_flow.py .                          [ 99%]
tests/performance/test_paper_performance.py ....                         [ 99%]
tests/simulation/test_ai_simulation_flow.py .                            [ 99%]
tests/simulation/test_simulation_decision_application_flow.py .          [ 99%]
tests/simulation/test_simulation_full_trade_flow.py .                    [ 99%]
tests/simulation/test_simulation_market_decision_flow.py .               [ 99%]
tests/simulation/test_simulation_runner.py ....                          [ 99%]
tests/simulation/test_simulation_trade_generation.py .                   [100%]

=============================== warnings summary ===============================
venv/lib/python3.9/site-packages/urllib3/__init__.py:35
  /Users/Serhiy/whale_radar_ai/venv/lib/python3.9/site-packages/urllib3/__init__.py:35: NotOpenSSLWarning: urllib3 v2 only supports OpenSSL 1.1.1+, currently the 'ssl' module is compiled with 'LibreSSL 2.8.3'. See: https://github.com/urllib3/urllib3/issues/3020
    warnings.warn(

-- Docs: https://docs.pytest.org/en/stable/how-to/capture-warnings.html
======================= 1322 passed, 1 warning in 43.58s =======================
